// Jest Snapshot v1, https://goo.gl/fbAQLP

exports[`correct renders map page 1`] = `
<div
  id="map"
  style={
    Object {
      "height": "100%",
      "width": "100%",
    }
  }
>
  Не удалось показать карту
</div>
`;
