// Jest Snapshot v1, https://goo.gl/fbAQLP

exports[`correct renders redirector component 1`] = `null`;
