// Jest Snapshot v1, https://goo.gl/fbAQLP

exports[`Reviews snapshot 1`] = `
<h2
  className="reviews__title"
>
  Error on loading comments.
</h2>
`;
