// Jest Snapshot v1, https://goo.gl/fbAQLP

exports[`correct renders main page 1`] = `
<section
  className="locations container"
>
  <ul
    className="locations__list tabs__list"
  >
    <li
      className="locations__item"
    >
      <a
        className="locations__item-link tabs__item tabs__item--active"
        href="#"
      >
        <span>
          Amsterdam
        </span>
      </a>
    </li>
    <li
      className="locations__item"
    >
      <a
        className="locations__item-link tabs__item"
        href="#"
      >
        <span>
          Dusseldorf
        </span>
      </a>
    </li>
    <li
      className="locations__item"
    >
      <a
        className="locations__item-link tabs__item"
        href="#"
      >
        <span>
          Moscow
        </span>
      </a>
    </li>
  </ul>
</section>
`;
