// Jest Snapshot v1, https://goo.gl/fbAQLP

exports[`correct renders sign in page 1`] = `null`;
